Timothy Cappie-Wood (3363921)
Suggestions for study in 11s2

Course   Title                 UOC Requirement
-------- -----                ---- -----------
Free.... Free Electives (many    6 Free elect
GenEd... General Education (m   12 Gen Ed
